INFO:root:this is my first code for logging
INFO:root:this is my first code for logging
INFO:root:[1, 2, 3, 4, 5, 6, 7, 7]
INFO:root:this is my first code for logging
INFO:root:2
INFO:root:this is my first code for logging
WARNING:root:this will try to load a warning message
ERROR:root:this is error message from system
INFO:root:2
INFO:root:this is my first code for logging
WARNING:root:this will try to load a warning message
ERROR:root:this is error message from system
INFO:root:2
WARNING:root:this is a warning for a user that they have found 2 in list
INFO:root:this is my first code for logging
WARNING:root:this will try to load a warning message
ERROR:root:this is error message from system
INFO:root:2
WARNING:root:this is a warning for a user that they have found 2 in list
INFO:root:this is my first code for logging
WARNING:root:this will try to load a warning message
ERROR:root:this is error message from system
INFO:root:2
WARNING:root:this is a warning for a user that they have found 2 in list
